src/components/leads/lead-form.tsx(55,9): error TS2322: Type 'Resolver<{ firstName: string; lastName: string; email: string; phone: string; destinationCountry: string; courseInterest: string; isSharedWithCompany?: boolean | undefined; }, any, { firstName: string; ... 5 more ...; isSharedWithCompany: boolean; }>' is not assignable to type 'Resolver<{ firstName: string; lastName: string; email: string; phone: string; destinationCountry: string; courseInterest: string; isSharedWithCompany: boolean; }, any, { firstName: string; lastName: string; ... 4 more ...; isSharedWithCompany: boolean; }>'.
  Types of parameters 'options' and 'options' are incompatible.
    Type 'ResolverOptions<{ firstName: string; lastName: string; email: string; phone: string; destinationCountry: string; courseInterest: string; isSharedWithCompany: boolean; }>' is not assignable to type 'ResolverOptions<{ firstName: string; lastName: string; email: string; phone: string; destinationCountry: string; courseInterest: string; isSharedWithCompany?: boolean | undefined; }>'.
      Type 'boolean | undefined' is not assignable to type 'boolean'.
        Type 'undefined' is not assignable to type 'boolean'.
src/components/leads/lead-form.tsx(90,47): error TS2345: Argument of type '(data: { firstName: string; lastName: string; email: string; phone: string; destinationCountry: string; courseInterest: string; isSharedWithCompany: boolean; }) => Promise<void>' is not assignable to parameter of type 'SubmitHandler<TFieldValues>'.
  Types of parameters 'data' and 'data' are incompatible.
    Type 'TFieldValues' is not assignable to type '{ firstName: string; lastName: string; email: string; phone: string; destinationCountry: string; courseInterest: string; isSharedWithCompany: boolean; }'.
      Type 'FieldValues' is missing the following properties from type '{ firstName: string; lastName: string; email: string; phone: string; destinationCountry: string; courseInterest: string; isSharedWithCompany: boolean; }': firstName, lastName, email, phone, and 3 more.
src/components/leads/lead-form.tsx(96,25): error TS2322: Type 'Control<{ firstName: string; lastName: string; email: string; phone: string; destinationCountry: string; courseInterest: string; isSharedWithCompany: boolean; }, any, TFieldValues>' is not assignable to type 'Control<{ firstName: string; lastName: string; email: string; phone: string; destinationCountry: string; courseInterest: string; isSharedWithCompany: boolean; }, any, { firstName: string; lastName: string; ... 4 more ...; isSharedWithCompany: boolean; }>'.
  The types of '_options.resolver' are incompatible between these types.
    Type 'Resolver<{ firstName: string; lastName: string; email: string; phone: string; destinationCountry: string; courseInterest: string; isSharedWithCompany: boolean; }, any, TFieldValues> | undefined' is not assignable to type 'Resolver<{ firstName: string; lastName: string; email: string; phone: string; destinationCountry: string; courseInterest: string; isSharedWithCompany: boolean; }, any, { firstName: string; lastName: string; ... 4 more ...; isSharedWithCompany: boolean; }> | undefined'.
      Type 'Resolver<{ firstName: string; lastName: string; email: string; phone: string; destinationCountry: string; courseInterest: string; isSharedWithCompany: boolean; }, any, TFieldValues>' is not assignable to type 'Resolver<{ firstName: string; lastName: string; email: string; phone: string; destinationCountry: string; courseInterest: string; isSharedWithCompany: boolean; }, any, { firstName: string; lastName: string; ... 4 more ...; isSharedWithCompany: boolean; }>'.
        Type 'ResolverResult<{ firstName: string; lastName: string; email: string; phone: string; destinationCountry: string; courseInterest: string; isSharedWithCompany: boolean; }, TFieldValues> | Promise<...>' is not assignable to type 'ResolverResult<{ firstName: string; lastName: string; email: string; phone: string; destinationCountry: string; courseInterest: string; isSharedWithCompany: boolean; }, { firstName: string; lastName: string; ... 4 more ...; isSharedWithCompany: boolean; }> | Promise<...>'.
          Type 'ResolverSuccess<TFieldValues>' is not assignable to type 'ResolverResult<{ firstName: string; lastName: string; email: string; phone: string; destinationCountry: string; courseInterest: string; isSharedWithCompany: boolean; }, { firstName: string; lastName: string; ... 4 more ...; isSharedWithCompany: boolean; }> | Promise<...>'.
            Type 'ResolverSuccess<TFieldValues>' is not assignable to type 'ResolverSuccess<{ firstName: string; lastName: string; email: string; phone: string; destinationCountry: string; courseInterest: string; isSharedWithCompany: boolean; }>'.
              Type 'TFieldValues' is not assignable to type '{ firstName: string; lastName: string; email: string; phone: string; destinationCountry: string; courseInterest: string; isSharedWithCompany: boolean; }'.
                Type 'FieldValues' is missing the following properties from type '{ firstName: string; lastName: string; email: string; phone: string; destinationCountry: string; courseInterest: string; isSharedWithCompany: boolean; }': firstName, lastName, email, phone, and 3 more.
src/components/leads/lead-form.tsx(127,36): error TS2322: Type 'Control<{ firstName: string; lastName: string; email: string; phone: string; destinationCountry: string; courseInterest: string; isSharedWithCompany: boolean; }, any, TFieldValues>' is not assignable to type 'Control<{ firstName: string; lastName: string; email: string; phone: string; destinationCountry: string; courseInterest: string; isSharedWithCompany: boolean; }, any, { firstName: string; lastName: string; ... 4 more ...; isSharedWithCompany: boolean; }>'.
  The types of '_options.resolver' are incompatible between these types.
    Type 'Resolver<{ firstName: string; lastName: string; email: string; phone: string; destinationCountry: string; courseInterest: string; isSharedWithCompany: boolean; }, any, TFieldValues> | undefined' is not assignable to type 'Resolver<{ firstName: string; lastName: string; email: string; phone: string; destinationCountry: string; courseInterest: string; isSharedWithCompany: boolean; }, any, { firstName: string; lastName: string; ... 4 more ...; isSharedWithCompany: boolean; }> | undefined'.
      Type 'Resolver<{ firstName: string; lastName: string; email: string; phone: string; destinationCountry: string; courseInterest: string; isSharedWithCompany: boolean; }, any, TFieldValues>' is not assignable to type 'Resolver<{ firstName: string; lastName: string; email: string; phone: string; destinationCountry: string; courseInterest: string; isSharedWithCompany: boolean; }, any, { firstName: string; lastName: string; ... 4 more ...; isSharedWithCompany: boolean; }>'.
        Type 'ResolverResult<{ firstName: string; lastName: string; email: string; phone: string; destinationCountry: string; courseInterest: string; isSharedWithCompany: boolean; }, TFieldValues> | Promise<...>' is not assignable to type 'ResolverResult<{ firstName: string; lastName: string; email: string; phone: string; destinationCountry: string; courseInterest: string; isSharedWithCompany: boolean; }, { firstName: string; lastName: string; ... 4 more ...; isSharedWithCompany: boolean; }> | Promise<...>'.
          Type 'ResolverSuccess<TFieldValues>' is not assignable to type 'ResolverResult<{ firstName: string; lastName: string; email: string; phone: string; destinationCountry: string; courseInterest: string; isSharedWithCompany: boolean; }, { firstName: string; lastName: string; ... 4 more ...; isSharedWithCompany: boolean; }> | Promise<...>'.
            Type 'ResolverSuccess<TFieldValues>' is not assignable to type 'ResolverSuccess<{ firstName: string; lastName: string; email: string; phone: string; destinationCountry: string; courseInterest: string; isSharedWithCompany: boolean; }>'.
              Type 'TFieldValues' is not assignable to type '{ firstName: string; lastName: string; email: string; phone: string; destinationCountry: string; courseInterest: string; isSharedWithCompany: boolean; }'.
                Type 'FieldValues' is missing the following properties from type '{ firstName: string; lastName: string; email: string; phone: string; destinationCountry: string; courseInterest: string; isSharedWithCompany: boolean; }': firstName, lastName, email, phone, and 3 more.
src/components/leads/lead-form.tsx(134,36): error TS2322: Type 'Control<{ firstName: string; lastName: string; email: string; phone: string; destinationCountry: string; courseInterest: string; isSharedWithCompany: boolean; }, any, TFieldValues>' is not assignable to type 'Control<{ firstName: string; lastName: string; email: string; phone: string; destinationCountry: string; courseInterest: string; isSharedWithCompany: boolean; }, any, { firstName: string; lastName: string; ... 4 more ...; isSharedWithCompany: boolean; }>'.
  The types of '_options.resolver' are incompatible between these types.
    Type 'Resolver<{ firstName: string; lastName: string; email: string; phone: string; destinationCountry: string; courseInterest: string; isSharedWithCompany: boolean; }, any, TFieldValues> | undefined' is not assignable to type 'Resolver<{ firstName: string; lastName: string; email: string; phone: string; destinationCountry: string; courseInterest: string; isSharedWithCompany: boolean; }, any, { firstName: string; lastName: string; ... 4 more ...; isSharedWithCompany: boolean; }> | undefined'.
      Type 'Resolver<{ firstName: string; lastName: string; email: string; phone: string; destinationCountry: string; courseInterest: string; isSharedWithCompany: boolean; }, any, TFieldValues>' is not assignable to type 'Resolver<{ firstName: string; lastName: string; email: string; phone: string; destinationCountry: string; courseInterest: string; isSharedWithCompany: boolean; }, any, { firstName: string; lastName: string; ... 4 more ...; isSharedWithCompany: boolean; }>'.
        Type 'ResolverResult<{ firstName: string; lastName: string; email: string; phone: string; destinationCountry: string; courseInterest: string; isSharedWithCompany: boolean; }, TFieldValues> | Promise<...>' is not assignable to type 'ResolverResult<{ firstName: string; lastName: string; email: string; phone: string; destinationCountry: string; courseInterest: string; isSharedWithCompany: boolean; }, { firstName: string; lastName: string; ... 4 more ...; isSharedWithCompany: boolean; }> | Promise<...>'.
          Type 'ResolverSuccess<TFieldValues>' is not assignable to type 'ResolverResult<{ firstName: string; lastName: string; email: string; phone: string; destinationCountry: string; courseInterest: string; isSharedWithCompany: boolean; }, { firstName: string; lastName: string; ... 4 more ...; isSharedWithCompany: boolean; }> | Promise<...>'.
            Type 'ResolverSuccess<TFieldValues>' is not assignable to type 'ResolverSuccess<{ firstName: string; lastName: string; email: string; phone: string; destinationCountry: string; courseInterest: string; isSharedWithCompany: boolean; }>'.
              Type 'TFieldValues' is not assignable to type '{ firstName: string; lastName: string; email: string; phone: string; destinationCountry: string; courseInterest: string; isSharedWithCompany: boolean; }'.
                Type 'FieldValues' is missing the following properties from type '{ firstName: string; lastName: string; email: string; phone: string; destinationCountry: string; courseInterest: string; isSharedWithCompany: boolean; }': firstName, lastName, email, phone, and 3 more.
src/components/leads/lead-form.tsx(141,36): error TS2322: Type 'Control<{ firstName: string; lastName: string; email: string; phone: string; destinationCountry: string; courseInterest: string; isSharedWithCompany: boolean; }, any, TFieldValues>' is not assignable to type 'Control<{ firstName: string; lastName: string; email: string; phone: string; destinationCountry: string; courseInterest: string; isSharedWithCompany: boolean; }, any, { firstName: string; lastName: string; ... 4 more ...; isSharedWithCompany: boolean; }>'.
  The types of '_options.resolver' are incompatible between these types.
    Type 'Resolver<{ firstName: string; lastName: string; email: string; phone: string; destinationCountry: string; courseInterest: string; isSharedWithCompany: boolean; }, any, TFieldValues> | undefined' is not assignable to type 'Resolver<{ firstName: string; lastName: string; email: string; phone: string; destinationCountry: string; courseInterest: string; isSharedWithCompany: boolean; }, any, { firstName: string; lastName: string; ... 4 more ...; isSharedWithCompany: boolean; }> | undefined'.
      Type 'Resolver<{ firstName: string; lastName: string; email: string; phone: string; destinationCountry: string; courseInterest: string; isSharedWithCompany: boolean; }, any, TFieldValues>' is not assignable to type 'Resolver<{ firstName: string; lastName: string; email: string; phone: string; destinationCountry: string; courseInterest: string; isSharedWithCompany: boolean; }, any, { firstName: string; lastName: string; ... 4 more ...; isSharedWithCompany: boolean; }>'.
        Type 'ResolverResult<{ firstName: string; lastName: string; email: string; phone: string; destinationCountry: string; courseInterest: string; isSharedWithCompany: boolean; }, TFieldValues> | Promise<...>' is not assignable to type 'ResolverResult<{ firstName: string; lastName: string; email: string; phone: string; destinationCountry: string; courseInterest: string; isSharedWithCompany: boolean; }, { firstName: string; lastName: string; ... 4 more ...; isSharedWithCompany: boolean; }> | Promise<...>'.
          Type 'ResolverSuccess<TFieldValues>' is not assignable to type 'ResolverResult<{ firstName: string; lastName: string; email: string; phone: string; destinationCountry: string; courseInterest: string; isSharedWithCompany: boolean; }, { firstName: string; lastName: string; ... 4 more ...; isSharedWithCompany: boolean; }> | Promise<...>'.
            Type 'ResolverSuccess<TFieldValues>' is not assignable to type 'ResolverSuccess<{ firstName: string; lastName: string; email: string; phone: string; destinationCountry: string; courseInterest: string; isSharedWithCompany: boolean; }>'.
              Type 'TFieldValues' is not assignable to type '{ firstName: string; lastName: string; email: string; phone: string; destinationCountry: string; courseInterest: string; isSharedWithCompany: boolean; }'.
                Type 'FieldValues' is missing the following properties from type '{ firstName: string; lastName: string; email: string; phone: string; destinationCountry: string; courseInterest: string; isSharedWithCompany: boolean; }': firstName, lastName, email, phone, and 3 more.
src/components/leads/lead-form.tsx(153,36): error TS2322: Type 'Control<{ firstName: string; lastName: string; email: string; phone: string; destinationCountry: string; courseInterest: string; isSharedWithCompany: boolean; }, any, TFieldValues>' is not assignable to type 'Control<{ firstName: string; lastName: string; email: string; phone: string; destinationCountry: string; courseInterest: string; isSharedWithCompany: boolean; }, any, { firstName: string; lastName: string; ... 4 more ...; isSharedWithCompany: boolean; }>'.
  The types of '_options.resolver' are incompatible between these types.
    Type 'Resolver<{ firstName: string; lastName: string; email: string; phone: string; destinationCountry: string; courseInterest: string; isSharedWithCompany: boolean; }, any, TFieldValues> | undefined' is not assignable to type 'Resolver<{ firstName: string; lastName: string; email: string; phone: string; destinationCountry: string; courseInterest: string; isSharedWithCompany: boolean; }, any, { firstName: string; lastName: string; ... 4 more ...; isSharedWithCompany: boolean; }> | undefined'.
      Type 'Resolver<{ firstName: string; lastName: string; email: string; phone: string; destinationCountry: string; courseInterest: string; isSharedWithCompany: boolean; }, any, TFieldValues>' is not assignable to type 'Resolver<{ firstName: string; lastName: string; email: string; phone: string; destinationCountry: string; courseInterest: string; isSharedWithCompany: boolean; }, any, { firstName: string; lastName: string; ... 4 more ...; isSharedWithCompany: boolean; }>'.
        Type 'ResolverResult<{ firstName: string; lastName: string; email: string; phone: string; destinationCountry: string; courseInterest: string; isSharedWithCompany: boolean; }, TFieldValues> | Promise<...>' is not assignable to type 'ResolverResult<{ firstName: string; lastName: string; email: string; phone: string; destinationCountry: string; courseInterest: string; isSharedWithCompany: boolean; }, { firstName: string; lastName: string; ... 4 more ...; isSharedWithCompany: boolean; }> | Promise<...>'.
          Type 'ResolverSuccess<TFieldValues>' is not assignable to type 'ResolverResult<{ firstName: string; lastName: string; email: string; phone: string; destinationCountry: string; courseInterest: string; isSharedWithCompany: boolean; }, { firstName: string; lastName: string; ... 4 more ...; isSharedWithCompany: boolean; }> | Promise<...>'.
            Type 'ResolverSuccess<TFieldValues>' is not assignable to type 'ResolverSuccess<{ firstName: string; lastName: string; email: string; phone: string; destinationCountry: string; courseInterest: string; isSharedWithCompany: boolean; }>'.
              Type 'TFieldValues' is not assignable to type '{ firstName: string; lastName: string; email: string; phone: string; destinationCountry: string; courseInterest: string; isSharedWithCompany: boolean; }'.
                Type 'FieldValues' is missing the following properties from type '{ firstName: string; lastName: string; email: string; phone: string; destinationCountry: string; courseInterest: string; isSharedWithCompany: boolean; }': firstName, lastName, email, phone, and 3 more.
src/components/leads/lead-form.tsx(175,36): error TS2322: Type 'Control<{ firstName: string; lastName: string; email: string; phone: string; destinationCountry: string; courseInterest: string; isSharedWithCompany: boolean; }, any, TFieldValues>' is not assignable to type 'Control<{ firstName: string; lastName: string; email: string; phone: string; destinationCountry: string; courseInterest: string; isSharedWithCompany: boolean; }, any, { firstName: string; lastName: string; ... 4 more ...; isSharedWithCompany: boolean; }>'.
  The types of '_options.resolver' are incompatible between these types.
    Type 'Resolver<{ firstName: string; lastName: string; email: string; phone: string; destinationCountry: string; courseInterest: string; isSharedWithCompany: boolean; }, any, TFieldValues> | undefined' is not assignable to type 'Resolver<{ firstName: string; lastName: string; email: string; phone: string; destinationCountry: string; courseInterest: string; isSharedWithCompany: boolean; }, any, { firstName: string; lastName: string; ... 4 more ...; isSharedWithCompany: boolean; }> | undefined'.
      Type 'Resolver<{ firstName: string; lastName: string; email: string; phone: string; destinationCountry: string; courseInterest: string; isSharedWithCompany: boolean; }, any, TFieldValues>' is not assignable to type 'Resolver<{ firstName: string; lastName: string; email: string; phone: string; destinationCountry: string; courseInterest: string; isSharedWithCompany: boolean; }, any, { firstName: string; lastName: string; ... 4 more ...; isSharedWithCompany: boolean; }>'.
        Type 'ResolverResult<{ firstName: string; lastName: string; email: string; phone: string; destinationCountry: string; courseInterest: string; isSharedWithCompany: boolean; }, TFieldValues> | Promise<...>' is not assignable to type 'ResolverResult<{ firstName: string; lastName: string; email: string; phone: string; destinationCountry: string; courseInterest: string; isSharedWithCompany: boolean; }, { firstName: string; lastName: string; ... 4 more ...; isSharedWithCompany: boolean; }> | Promise<...>'.
          Type 'ResolverSuccess<TFieldValues>' is not assignable to type 'ResolverResult<{ firstName: string; lastName: string; email: string; phone: string; destinationCountry: string; courseInterest: string; isSharedWithCompany: boolean; }, { firstName: string; lastName: string; ... 4 more ...; isSharedWithCompany: boolean; }> | Promise<...>'.
            Type 'ResolverSuccess<TFieldValues>' is not assignable to type 'ResolverSuccess<{ firstName: string; lastName: string; email: string; phone: string; destinationCountry: string; courseInterest: string; isSharedWithCompany: boolean; }>'.
              Type 'TFieldValues' is not assignable to type '{ firstName: string; lastName: string; email: string; phone: string; destinationCountry: string; courseInterest: string; isSharedWithCompany: boolean; }'.
                Type 'FieldValues' is missing the following properties from type '{ firstName: string; lastName: string; email: string; phone: string; destinationCountry: string; courseInterest: string; isSharedWithCompany: boolean; }': firstName, lastName, email, phone, and 3 more.
src/components/leads/lead-form.tsx(196,36): error TS2322: Type 'Control<{ firstName: string; lastName: string; email: string; phone: string; destinationCountry: string; courseInterest: string; isSharedWithCompany: boolean; }, any, TFieldValues>' is not assignable to type 'Control<{ firstName: string; lastName: string; email: string; phone: string; destinationCountry: string; courseInterest: string; isSharedWithCompany: boolean; }, any, { firstName: string; lastName: string; ... 4 more ...; isSharedWithCompany: boolean; }>'.
  The types of '_options.resolver' are incompatible between these types.
    Type 'Resolver<{ firstName: string; lastName: string; email: string; phone: string; destinationCountry: string; courseInterest: string; isSharedWithCompany: boolean; }, any, TFieldValues> | undefined' is not assignable to type 'Resolver<{ firstName: string; lastName: string; email: string; phone: string; destinationCountry: string; courseInterest: string; isSharedWithCompany: boolean; }, any, { firstName: string; lastName: string; ... 4 more ...; isSharedWithCompany: boolean; }> | undefined'.
      Type 'Resolver<{ firstName: string; lastName: string; email: string; phone: string; destinationCountry: string; courseInterest: string; isSharedWithCompany: boolean; }, any, TFieldValues>' is not assignable to type 'Resolver<{ firstName: string; lastName: string; email: string; phone: string; destinationCountry: string; courseInterest: string; isSharedWithCompany: boolean; }, any, { firstName: string; lastName: string; ... 4 more ...; isSharedWithCompany: boolean; }>'.
        Type 'ResolverResult<{ firstName: string; lastName: string; email: string; phone: string; destinationCountry: string; courseInterest: string; isSharedWithCompany: boolean; }, TFieldValues> | Promise<...>' is not assignable to type 'ResolverResult<{ firstName: string; lastName: string; email: string; phone: string; destinationCountry: string; courseInterest: string; isSharedWithCompany: boolean; }, { firstName: string; lastName: string; ... 4 more ...; isSharedWithCompany: boolean; }> | Promise<...>'.
          Type 'ResolverSuccess<TFieldValues>' is not assignable to type 'ResolverResult<{ firstName: string; lastName: string; email: string; phone: string; destinationCountry: string; courseInterest: string; isSharedWithCompany: boolean; }, { firstName: string; lastName: string; ... 4 more ...; isSharedWithCompany: boolean; }> | Promise<...>'.
            Type 'ResolverSuccess<TFieldValues>' is not assignable to type 'ResolverSuccess<{ firstName: string; lastName: string; email: string; phone: string; destinationCountry: string; courseInterest: string; isSharedWithCompany: boolean; }>'.
              Type 'TFieldValues' is not assignable to type '{ firstName: string; lastName: string; email: string; phone: string; destinationCountry: string; courseInterest: string; isSharedWithCompany: boolean; }'.
                Type 'FieldValues' is missing the following properties from type '{ firstName: string; lastName: string; email: string; phone: string; destinationCountry: string; courseInterest: string; isSharedWithCompany: boolean; }': firstName, lastName, email, phone, and 3 more.
